// Jest Snapshot v1, https://goo.gl/fbAQLP

exports[`App renders correctly 1`] = `
<DocumentFragment>
  <div
    class="weather-app"
  >
    <h1
      class="location-details"
    >
       
    </h1>
    <div
      class="forecast-summaries"
    />
  </div>
  <div
    class="forecast"
  >
    <div
      class="search-form"
    >
      <input
        class="search-bar"
        placeholder="Search..."
        type="text"
        value=""
      />
      <br />
      <button
        class="search-form__submit-button"
        type="submit"
      >
        Search
      </button>
    </div>
  </div>
</DocumentFragment>
`;
