// Jest Snapshot v1, https://goo.gl/fbAQLP

exports[`ForecastSummary renders correctly 1`] = `
<DocumentFragment>
  <div
    class="forecast-summary"
    data-testid="forecast-summary"
  >
    <div
      class="forecast-summary__date"
    >
      Thu Jan 01 1970
    </div>
    <div
      class="forecast-summary__icon"
      data-testid="forecast-icon"
    >
      <img
        alt="weather-icon"
        src="https://openweathermap.org/img/wn/01d@2x.png"
      />
    </div>
    <div
      class="forecast-summary__temperature"
    >
      22Â°C
    </div>
    <div
      class="forecast-summary__description"
    >
      Stub Description
    </div>
    <button
      type="button"
    >
      More details
    </button>
  </div>
</DocumentFragment>
`;
